Last login: Mon Sep 11 12:09:14 on ttys000
(base) egamiayana@egamiayananoMacBook-Pro ~ % pwd
/Users/egamiayana
(base) egamiayana@egamiayananoMacBook-Pro ~ % cd /Users/egamiayana/Desktop/
(base) egamiayana@egamiayananoMacBook-Pro Desktop % mkdir git_challenge
(base) egamiayana@egamiayananoMacBook-Pro Desktop % cd git_challenge
(base) egamiayana@egamiayananoMacBook-Pro git_challenge % git init
hint: Using 'master' as the name for the initial branch. This default branch name
hint: is subject to change. To configure the initial branch name to use in all
hint: of your new repositories, which will suppress this warning, call:
hint: 
hint: 	git config --global init.defaultBranch <name>
hint: 
hint: Names commonly chosen instead of 'master' are 'main', 'trunk' and
hint: 'development'. The just-created branch can be renamed via this command:
hint: 
hint: 	git branch -m <name>
Initialized empty Git repository in /Users/egamiayana/Desktop/git_challenge/.git/
(base) egamiayana@egamiayananoMacBook-Pro git_challenge % git add hello_world.txt
(base) egamiayana@egamiayananoMacBook-Pro git_challenge % git commit -m "hello_world.txtを追加"
[master (root-commit) 623f986] hello_world.txtを追加
 1 file changed, 1 insertion(+)
 create mode 100644 hello_world.txt
(base) egamiayana@egamiayananoMacBook-Pro git_challenge % git add hello_world.txt
(base) egamiayana@egamiayananoMacBook-Pro git_challenge % git commit -m "日本語訳を追記"
[master 6042bbe] 日本語訳を追記
 1 file changed, 2 insertions(+), 1 deletion(-)
(base) egamiayana@egamiayananoMacBook-Pro git_challenge % git log --oneline
6042bbe (HEAD -> master) 日本語訳を追記
623f986 hello_world.txtを追加
(base) egamiayana@egamiayananoMacBook-Pro git_challenge % 

